V3 3
FL "C:/Users/XergioAleX/Documents/Xilinx Projects/Prueba/Logica.vhd" 2011/11/27.19:01:42 M.81d
EN work/Logica 1322438537 \
      FL "C:/Users/XergioAleX/Documents/Xilinx Projects/Prueba/Logica.vhd" \
      PB ieee/std_logic_1164 1290154108
AR work/Logica/Behavioral 1322438538 \
      FL "C:/Users/XergioAleX/Documents/Xilinx Projects/Prueba/Logica.vhd" \
      EN work/Logica 1322438537
