--------------------------------------------------------------------------------
Release 12.4 Trace  (nt64)
Copyright (c) 1995-2010 Xilinx, Inc.  All rights reserved.

C:\Xilinx\12.4\ISE_DS\ISE\bin\nt64\unwrapped\trce.exe -intstyle ise -v 3 -s 1
-n 3 -fastpaths -xml Flip_Flop.twx Flip_Flop.ncd -o Flip_Flop.twr Flip_Flop.pcf

Design file:              Flip_Flop.ncd
Physical constraint file: Flip_Flop.pcf
Device,package,speed:     xc5vlx110t,ff1136,-1 (PRODUCTION 1.72 2010-11-18, STEPPING level 0)
Report level:             verbose report

Environment Variable      Effect 
--------------------      ------ 
NONE                      No environment variables were set
--------------------------------------------------------------------------------

INFO:Timing:2698 - No timing constraints found, doing default enumeration.
INFO:Timing:2752 - To get complete path coverage, use the unconstrained paths 
   option. All paths that are not constrained will be reported in the 
   unconstrained paths section(s) of the report.
INFO:Timing:3339 - The clock-to-out numbers in this timing report are based on 
   a 50 Ohm transmission line loading model.  For the details of this model, 
   and for more information on accounting for different loading conditions, 
   please see the device datasheet.



Data Sheet report:
-----------------
All values displayed in nanoseconds (ns)

Pad to Pad
---------------+---------------+---------+
Source Pad     |Destination Pad|  Delay  |
---------------+---------------+---------+
XLXN_24        |XLXN_8         |    6.976|
XLXN_24        |XLXN_9         |    6.191|
XLXN_25        |XLXN_8         |    5.547|
XLXN_26        |XLXN_8         |    6.808|
XLXN_26        |XLXN_9         |    6.023|
---------------+---------------+---------+


Analysis completed Fri Dec 09 13:43:23 2011 
--------------------------------------------------------------------------------

Trace Settings:
-------------------------
Trace Settings 

Peak Memory Usage: 404 MB



