Release 12.4 - xst M.81d (nt)
Copyright (c) 1995-2010 Xilinx, Inc.  All rights reserved.
--> Parameter TMPDIR set to xst/projnav.tmp


Total REAL time to Xst completion: 0.00 secs
Total CPU time to Xst completion: 0.19 secs
 
--> Parameter xsthdpdir set to xst


Total REAL time to Xst completion: 0.00 secs
Total CPU time to Xst completion: 0.19 secs
 
--> Reading design: RF.prj

TABLE OF CONTENTS
  1) Synthesis Options Summary
  2) HDL Parsing
  3) HDL Elaboration
  4) HDL Synthesis
       4.1) HDL Synthesis Report
  5) Advanced HDL Synthesis
       5.1) Advanced HDL Synthesis Report
  6) Low Level Synthesis
  7) Partition Report
  8) Design Summary
       8.1) Primitive and Black Box Usage
       8.2) Device utilization summary
       8.3) Partition Resource Summary
       8.4) Timing Report
            8.4.1) Clock Information
            8.4.2) Asynchronous Control Signals Information
            8.4.3) Timing Summary
            8.4.4) Timing Details
            8.4.5) Cross Clock Domains Report


=========================================================================
*                      Synthesis Options Summary                        *
=========================================================================
---- Source Parameters
Input File Name                    : "RF.prj"
Input Format                       : mixed
Ignore Synthesis Constraint File   : NO

---- Target Parameters
Output File Name                   : "RF"
Output Format                      : NGC
Target Device                      : xc6slx100-3-fgg484

---- Source Options
Top Module Name                    : RF
Automatic FSM Extraction           : YES
FSM Encoding Algorithm             : Auto
Safe Implementation                : No
FSM Style                          : LUT
RAM Extraction                     : Yes
RAM Style                          : Auto
ROM Extraction                     : Yes
Shift Register Extraction          : YES
ROM Style                          : Auto
Resource Sharing                   : YES
Asynchronous To Synchronous        : NO
Shift Register Minimum Size        : 2
Use DSP Block                      : Auto
Automatic Register Balancing       : No

---- Target Options
LUT Combining                      : Auto
Reduce Control Sets                : Auto
Add IO Buffers                     : YES
Global Maximum Fanout              : 100000
Add Generic Clock Buffer(BUFG)     : 16
Register Duplication               : YES
Optimize Instantiated Primitives   : NO
Use Clock Enable                   : Auto
Use Synchronous Set                : Auto
Use Synchronous Reset              : Auto
Pack IO Registers into IOBs        : Auto
Equivalent register Removal        : YES

---- General Options
Optimization Goal                  : Speed
Optimization Effort                : 1
Power Reduction                    : NO
Keep Hierarchy                     : No
Netlist Hierarchy                  : As_Optimized
RTL Output                         : Yes
Global Optimization                : AllClockNets
Read Cores                         : YES
Write Timing Constraints           : NO
Cross Clock Analysis               : NO
Hierarchy Separator                : /
Bus Delimiter                      : <>
Case Specifier                     : Maintain
Slice Utilization Ratio            : 100
BRAM Utilization Ratio             : 100
DSP48 Utilization Ratio            : 100
Auto BRAM Packing                  : NO
Slice Utilization Ratio Delta      : 5

=========================================================================


=========================================================================
*                          HDL Parsing                                  *
=========================================================================
Parsing VHDL file "\JUAN CORRALES\UTP\SEMESTRE 1102\ARQUITECTURA DE COMPUTADORES\RegisterFile\../../../../../Users/USER/Desktop/RF.vhd" into library work
Parsing entity <RF>.
Parsing architecture <arq_RF> of entity <rf>.

=========================================================================
*                            HDL Elaboration                            *
=========================================================================

Elaborating entity <RF> (architecture <arq_RF>) from library <work>.

=========================================================================
*                           HDL Synthesis                               *
=========================================================================

Synthesizing Unit <RF>.
    Related source file is "/users/user/desktop/rf.vhd".
    Found 4x4-bit dual-port RAM <Mram_reg_array> for signal <reg_array>.
    Summary:
	inferred   3 RAM(s).
Unit <RF> synthesized.

=========================================================================
HDL Synthesis Report

Macro Statistics
# RAMs                                                 : 3
 4x4-bit dual-port RAM                                 : 3

=========================================================================

=========================================================================
*                       Advanced HDL Synthesis                          *
=========================================================================


Synthesizing (advanced) Unit <RF>.
INFO:Xst:3031 - HDL ADVISOR - The RAM <Mram_reg_array> will be implemented on LUTs either because you have described an asynchronous read or because of currently unsupported block RAM features. If you have described an asynchronous read, making it synchronous would allow you to take advantage of available block RAM resources, for optimized device usage and improved timings. Please refer to your documentation for coding guidelines.
    -----------------------------------------------------------------------
    | ram_type           | Distributed                         |          |
    -----------------------------------------------------------------------
    | Port A                                                              |
    |     aspect ratio   | 4-word x 4-bit                      |          |
    |     clkA           | connected to signal <clk>           | rise     |
    |     weA            | connected to signal <SelRF>         | high     |
    |     addrA          | connected to signal <Erd>           |          |
    |     diA            | connected to signal <Edt>           |          |
    -----------------------------------------------------------------------
    | Port B                                                              |
    |     aspect ratio   | 4-word x 4-bit                      |          |
    |     addrB          | connected to signal <Ers>           |          |
    |     doB            | connected to signal <Srs>           |          |
    -----------------------------------------------------------------------
INFO:Xst:3031 - HDL ADVISOR - The RAM <Mram_reg_array1> will be implemented on LUTs either because you have described an asynchronous read or because of currently unsupported block RAM features. If you have described an asynchronous read, making it synchronous would allow you to take advantage of available block RAM resources, for optimized device usage and improved timings. Please refer to your documentation for coding guidelines.
    -----------------------------------------------------------------------
    | ram_type           | Distributed                         |          |
    -----------------------------------------------------------------------
    | Port A                                                              |
    |     aspect ratio   | 4-word x 4-bit                      |          |
    |     clkA           | connected to signal <clk>           | rise     |
    |     weA            | connected to signal <SelRF>         | high     |
    |     addrA          | connected to signal <Erd>           |          |
    |     diA            | connected to signal <Edt>           |          |
    -----------------------------------------------------------------------
    | Port B                                                              |
    |     aspect ratio   | 4-word x 4-bit                      |          |
    |     addrB          | connected to signal <Ert>           |          |
    |     doB            | connected to signal <Srt>           |          |
    -----------------------------------------------------------------------
INFO:Xst:3031 - HDL ADVISOR - The RAM <Mram_reg_array2> will be implemented on LUTs either because you have described an asynchronous read or because of currently unsupported block RAM features. If you have described an asynchronous read, making it synchronous would allow you to take advantage of available block RAM resources, for optimized device usage and improved timings. Please refer to your documentation for coding guidelines.
    -----------------------------------------------------------------------
    | ram_type           | Distributed                         |          |
    -----------------------------------------------------------------------
    | Port A                                                              |
    |     aspect ratio   | 4-word x 4-bit                      |          |
    |     clkA           | connected to signal <clk>           | rise     |
    |     weA            | connected to signal <SelRF>         | high     |
    |     addrA          | connected to signal <Erd>           |          |
    |     diA            | connected to signal <Edt>           |          |
    -----------------------------------------------------------------------
    | Port B                                                              |
    |     aspect ratio   | 4-word x 4-bit                      |          |
    |     addrB          | connected to signal <registro>      |          |
    |     doB            | connected to signal <factorial>     |          |
    -----------------------------------------------------------------------
Unit <RF> synthesized (advanced).

=========================================================================
Advanced HDL Synthesis Report

Macro Statistics
# RAMs                                                 : 3
 4x4-bit dual-port distributed RAM                     : 3

=========================================================================

=========================================================================
*                         Low Level Synthesis                           *
=========================================================================

Optimizing unit <RF> ...

Mapping all equations...
Building and optimizing final netlist ...
Found area constraint ratio of 100 (+ 5) on block RF, actual ratio is 0.

Final Macro Processing ...

=========================================================================
Final Register Report

Found no macro
=========================================================================

=========================================================================
*                           Partition Report                            *
=========================================================================

Partition Implementation Status
-------------------------------

  No Partitions were found in this design.

-------------------------------

=========================================================================
*                            Design Summary                             *
=========================================================================

Top Level Output File Name         : RF.ngc

Primitive and Black Box Usage:
------------------------------
# BELS                             : 1
#      GND                         : 1
# RAMS                             : 12
#      RAM16X1D                    : 12
# Clock Buffers                    : 1
#      BUFGP                       : 1
# IO Buffers                       : 25
#      IBUF                        : 13
#      OBUF                        : 12

Device utilization summary:
---------------------------

Selected Device : 6slx100fgg484-3 


Slice Logic Utilization: 
 Number of Slice LUTs:                   24  out of  63288     0%  
    Number used as Memory:               24  out of  15616     0%  
       Number used as RAM:               24

Slice Logic Distribution: 
 Number of LUT Flip Flop pairs used:     24
   Number with an unused Flip Flop:      24  out of     24   100%  
   Number with an unused LUT:             0  out of     24     0%  
   Number of fully used LUT-FF pairs:     0  out of     24     0%  
   Number of unique control sets:         0

IO Utilization: 
 Number of IOs:                          26
 Number of bonded IOBs:                  26  out of    326     7%  

Specific Feature Utilization:
 Number of BUFG/BUFGCTRLs:                1  out of     16     6%  

---------------------------
Partition Resource Summary:
---------------------------

  No Partitions were found in this design.

---------------------------


=========================================================================
Timing Report

NOTE: THESE TIMING NUMBERS ARE ONLY A SYNTHESIS ESTIMATE.
      FOR ACCURATE TIMING INFORMATION PLEASE REFER TO THE TRACE REPORT
      GENERATED AFTER PLACE-and-ROUTE.

Clock Information:
------------------
-----------------------------------+------------------------+-------+
Clock Signal                       | Clock buffer(FF name)  | Load  |
-----------------------------------+------------------------+-------+
clk                                | BUFGP                  | 12    |
-----------------------------------+------------------------+-------+

Asynchronous Control Signals Information:
----------------------------------------
No asynchronous control signals found in this design

Timing Summary:
---------------
Speed Grade: -3

   Minimum period: No path found
   Minimum input arrival time before clock: 2.570ns
   Maximum output required time after clock: 4.140ns
   Maximum combinational path delay: 5.259ns

Timing Details:
---------------
All values displayed in nanoseconds (ns)

=========================================================================
Timing constraint: Default OFFSET IN BEFORE for Clock 'clk'
  Total number of paths / destination ports: 72 / 72
-------------------------------------------------------------------------
Offset:              2.570ns (Levels of Logic = 1)
  Source:            Erd<0> (PAD)
  Destination:       Mram_reg_array23 (RAM)
  Destination Clock: clk rising

  Data Path: Erd<0> to Mram_reg_array23
                                Gate     Net
    Cell:in->out      fanout   Delay   Delay  Logical Name (Net Name)
    ----------------------------------------  ------------
     IBUF:I->O            36   1.222   1.348  Erd_0_IBUF (Erd_0_IBUF)
     RAM16X1D:A0              -0.215          Mram_reg_array23
    ----------------------------------------
    Total                      2.570ns (1.222ns logic, 1.348ns route)
                                       (47.5% logic, 52.5% route)

=========================================================================
Timing constraint: Default OFFSET OUT AFTER for Clock 'clk'
  Total number of paths / destination ports: 12 / 12
-------------------------------------------------------------------------
Offset:              4.140ns (Levels of Logic = 1)
  Source:            Mram_reg_array5 (RAM)
  Destination:       Srs<3> (PAD)
  Source Clock:      clk rising

  Data Path: Mram_reg_array5 to Srs<3>
                                Gate     Net
    Cell:in->out      fanout   Delay   Delay  Logical Name (Net Name)
    ----------------------------------------  ------------
     RAM16X1D:WCLK->DPO    1   0.990   0.579  Mram_reg_array5 (Srs_3_OBUF)
     OBUF:I->O                 2.571          Srs_3_OBUF (Srs<3>)
    ----------------------------------------
    Total                      4.140ns (3.561ns logic, 0.579ns route)
                                       (86.0% logic, 14.0% route)

=========================================================================
Timing constraint: Default path analysis
  Total number of paths / destination ports: 24 / 12
-------------------------------------------------------------------------
Delay:               5.259ns (Levels of Logic = 3)
  Source:            Ers<1> (PAD)
  Destination:       Srs<3> (PAD)

  Data Path: Ers<1> to Srs<3>
                                Gate     Net
    Cell:in->out      fanout   Delay   Delay  Logical Name (Net Name)
    ----------------------------------------  ------------
     IBUF:I->O             4   1.222   0.683  Ers_1_IBUF (Ers_1_IBUF)
     RAM16X1D:DPRA1->DPO    1   0.205   0.579  Mram_reg_array3 (Srs_1_OBUF)
     OBUF:I->O                 2.571          Srs_1_OBUF (Srs<1>)
    ----------------------------------------
    Total                      5.259ns (3.998ns logic, 1.261ns route)
                                       (76.0% logic, 24.0% route)

=========================================================================

Cross Clock Domains Report:
--------------------------

=========================================================================


Total REAL time to Xst completion: 6.00 secs
Total CPU time to Xst completion: 6.24 secs
 
--> 

Total memory usage is 185228 kilobytes

Number of errors   :    0 (   0 filtered)
Number of warnings :    0 (   0 filtered)
Number of infos    :    3 (   0 filtered)

