MO decodifi NULL RegisterFile.v vlg1B/decodifi.bin 1322540934
MO Multiplexor NULL Register_FIle_Xergio.v vlg11/_multiplexor.bin 1322871924
MO RegisterFile NULL RegisterFile.v vlg69/_register_file.bin 1322540934
MO Registro NULL RegisterFile.v vlg47/_registro.bin 1322540934
MO Register_FIle_Xergio NULL Register_FIle_Xergio.v vlg45/_register___f_ile___xergio.bin 1322871924
